Yes	SAPMV45A:0101	(SAPMV45A:0101)SAPMV45A 0101	Window	v1.0IC!~TYPE=BODY!~CLASS=GuiMainWindow!~SAPNAME=SAPMV45A:0101
No	SAPMV45A:0101(3)	titl	GuiTitlebar	v1.0IC!~TYPE=OBJECT!~CLASS=GuiTitlebar!~SAPNAME=titl!~PARENT~TYPE=BODY~CLASS=GuiMainWindow~SAPNAME=SAPMV45A:0101!~	Yes
No	GuiButton.btnvhmore	More (Alt+F12)	GuiButton	v1.0IC!~TYPE=OBJECT!~CLASS=GuiButton!~SAPNAME=btnvhmore!~PARENT~TYPE=BODY~CLASS=GuiMainWindow~SAPNAME=SAPMV45A:0101!~	Yes
No	GuiButton.btn[8]	Create with Reference   (F8)	GuiButton	v1.0IC!~TYPE=OBJECT!~CLASS=GuiButton!~SAPNAME=btn[8]!~PARENT~TYPE=BODY~CLASS=GuiMainWindow~SAPNAME=SAPMV45A:0101!~	Yes
No	GuiTextField.RV45A-TXT_AUART	(SAPMV45A:0101)SAPMV45A:0101	GuiTextField	v1.0IC!~TYPE=OBJECT!~CLASS=GuiTextField!~SAPNAME=RV45A-TXT_AUART!~PARENT~TYPE=BODY~CLASS=GuiMainWindow~SAPNAME=SAPMV45A:0101!~	Yes
No	GuiCTextField.VBAK-AUART	(SAPMV45A:0101)SAPMV45A:0101(2)	GuiCTextField	v1.0IC!~TYPE=OBJECT!~CLASS=GuiCTextField!~SAPNAME=VBAK-AUART!~PARENT~TYPE=BODY~CLASS=GuiMainWindow~SAPNAME=SAPMV45A:0101!~	Yes
No	GuiTextField.TVAKT-BEZEI	(SAPMV45A:0101)SAPMV45A:0101(3)	GuiTextField	v1.0IC!~TYPE=OBJECT!~CLASS=GuiTextField!~SAPNAME=TVAKT-BEZEI!~PARENT~TYPE=BODY~CLASS=GuiMainWindow~SAPNAME=SAPMV45A:0101!~	Yes
No	GuiBox.TEXT	(TEXT) Organizational Data	GuiBox	v1.0IC!~TYPE=OBJECT!~CLASS=GuiBox!~SAPNAME=TEXT!~PARENT~TYPE=BODY~CLASS=GuiMainWindow~SAPNAME=SAPMV45A:0101!~	Yes
No	GuiCTextField.VBAK-VKORG	(VBAK-VKORG) Sales Organization	GuiCTextField	v1.0IC!~TYPE=OBJECT!~CLASS=GuiCTextField!~SAPNAME=VBAK-VKORG!~PARENT~TYPE=BODY~CLASS=GuiMainWindow~SAPNAME=SAPMV45A:0101!~	Yes
No	GuiTextField.TVKOT-VTEXT	(TVKOT-VTEXT) Sales Organization	GuiTextField	v1.0IC!~TYPE=OBJECT!~CLASS=GuiTextField!~SAPNAME=TVKOT-VTEXT!~PARENT~TYPE=BODY~CLASS=GuiMainWindow~SAPNAME=SAPMV45A:0101!~	Yes
No	GuiCTextField.VBAK-VTWEG	(VBAK-VTWEG) Distribution Channel	GuiCTextField	v1.0IC!~TYPE=OBJECT!~CLASS=GuiCTextField!~SAPNAME=VBAK-VTWEG!~PARENT~TYPE=BODY~CLASS=GuiMainWindow~SAPNAME=SAPMV45A:0101!~	Yes
No	GuiTextField.TVTWT-VTEXT	(TVTWT-VTEXT) Distribution Channel	GuiTextField	v1.0IC!~TYPE=OBJECT!~CLASS=GuiTextField!~SAPNAME=TVTWT-VTEXT!~PARENT~TYPE=BODY~CLASS=GuiMainWindow~SAPNAME=SAPMV45A:0101!~	Yes
No	GuiCTextField.VBAK-SPART	(VBAK-SPART) Div	GuiCTextField	v1.0IC!~TYPE=OBJECT!~CLASS=GuiCTextField!~SAPNAME=VBAK-SPART!~PARENT~TYPE=BODY~CLASS=GuiMainWindow~SAPNAME=SAPMV45A:0101!~	Yes
No	GuiTextField.TSPAT-VTEXT	(TSPAT-VTEXT) Div	GuiTextField	v1.0IC!~TYPE=OBJECT!~CLASS=GuiTextField!~SAPNAME=TSPAT-VTEXT!~PARENT~TYPE=BODY~CLASS=GuiMainWindow~SAPNAME=SAPMV45A:0101!~	Yes
No	GuiCTextField.VBAK-VKBUR	(VBAK-VKBUR) Sales office	GuiCTextField	v1.0IC!~TYPE=OBJECT!~CLASS=GuiCTextField!~SAPNAME=VBAK-VKBUR!~PARENT~TYPE=BODY~CLASS=GuiMainWindow~SAPNAME=SAPMV45A:0101!~	Yes
No	GuiTextField.TVKBT-BEZEI	(TVKBT-BEZEI) Sales office	GuiTextField	v1.0IC!~TYPE=OBJECT!~CLASS=GuiTextField!~SAPNAME=TVKBT-BEZEI!~PARENT~TYPE=BODY~CLASS=GuiMainWindow~SAPNAME=SAPMV45A:0101!~	Yes
No	GuiCTextField.VBAK-VKGRP	(VBAK-VKGRP) Sales group	GuiCTextField	v1.0IC!~TYPE=OBJECT!~CLASS=GuiCTextField!~SAPNAME=VBAK-VKGRP!~PARENT~TYPE=BODY~CLASS=GuiMainWindow~SAPNAME=SAPMV45A:0101!~	Yes
No	GuiTextField.TVGRT-BEZEI	(TVGRT-BEZEI) Sales group	GuiTextField	v1.0IC!~TYPE=OBJECT!~CLASS=GuiTextField!~SAPNAME=TVGRT-BEZEI!~PARENT~TYPE=BODY~CLASS=GuiMainWindow~SAPNAME=SAPMV45A:0101!~	Yes