Yes	SAPMV45A:4001	(SAPMV45A:4001)SAPMV45A 4001	Window	v1.0IC!~TYPE=BODY!~CLASS=GuiMainWindow!~SAPNAME=SAPMV45A:4001
No	GuiButton.btn[11]	Save   (Ctrl+S)	GuiButton	v1.0IC!~TYPE=OBJECT!~CLASS=GuiButton!~SAPNAME=btn[11]!~PARENT~TYPE=BODY~CLASS=GuiMainWindow~SAPNAME=SAPMV45A:4001!~	Yes
No	GuiButton.btn[3]	Back   (F3)	GuiButton	v1.0IC!~TYPE=OBJECT!~CLASS=GuiButton!~SAPNAME=btn[3]!~PARENT~TYPE=BODY~CLASS=GuiMainWindow~SAPNAME=SAPMV45A:4001!~	Yes
No	GuiButton.btn[15]	Exit   (Shift+F3)	GuiButton	v1.0IC!~TYPE=OBJECT!~CLASS=GuiButton!~SAPNAME=btn[15]!~PARENT~TYPE=BODY~CLASS=GuiMainWindow~SAPNAME=SAPMV45A:4001!~	Yes
No	GuiButton.btn[12]	Cancel   (F12)	GuiButton	v1.0IC!~TYPE=OBJECT!~CLASS=GuiButton!~SAPNAME=btn[12]!~PARENT~TYPE=BODY~CLASS=GuiMainWindow~SAPNAME=SAPMV45A:4001!~	Yes
No	GuiOkCodeField.okcd	okcd	GuiOkCodeField	v1.0IC!~TYPE=OBJECT!~CLASS=GuiOkCodeField!~SAPNAME=okcd!~PARENT~TYPE=BODY~CLASS=GuiMainWindow~SAPNAME=SAPMV45A:4001!~	Yes
No	SAPMV45A:4001(3)	titl	GuiTitlebar	v1.0IC!~TYPE=OBJECT!~CLASS=GuiTitlebar!~SAPNAME=titl!~PARENT~TYPE=BODY~CLASS=GuiMainWindow~SAPNAME=SAPMV45A:4001!~	Yes
No	GuiButton.btnvhmore	More (Alt+F12)	GuiButton	v1.0IC!~TYPE=OBJECT!~CLASS=GuiButton!~SAPNAME=btnvhmore!~PARENT~TYPE=BODY~CLASS=GuiMainWindow~SAPNAME=SAPMV45A:4001!~	Yes
No	GuiButton.btn[43]	Display   (Ctrl+Shift+F7)	GuiButton	v1.0IC!~TYPE=OBJECT!~CLASS=GuiButton!~SAPNAME=btn[43]!~PARENT~TYPE=BODY~CLASS=GuiMainWindow~SAPNAME=SAPMV45A:4001!~	Yes
No	GuiButton.btn[35]	Propose Items   (Ctrl+F11)	GuiButton	v1.0IC!~TYPE=OBJECT!~CLASS=GuiButton!~SAPNAME=btn[35]!~PARENT~TYPE=BODY~CLASS=GuiMainWindow~SAPNAME=SAPMV45A:4001!~	Yes
No	GuiButton.btn[37]	Header Output Preview   (Ctrl+Shift+F1)	GuiButton	v1.0IC!~TYPE=OBJECT!~CLASS=GuiButton!~SAPNAME=btn[37]!~PARENT~TYPE=BODY~CLASS=GuiMainWindow~SAPNAME=SAPMV45A:4001!~	Yes
No	GuiButton.btn[34]	Reject Document   (Ctrl+F10)	GuiButton	v1.0IC!~TYPE=OBJECT!~CLASS=GuiButton!~SAPNAME=btn[34]!~PARENT~TYPE=BODY~CLASS=GuiMainWindow~SAPNAME=SAPMV45A:4001!~	Yes
No	GuiButton.btn[39]	Loading Units and Aggregation Categories   (Ctrl+Shift+F3)	GuiButton	v1.0IC!~TYPE=OBJECT!~CLASS=GuiButton!~SAPNAME=btn[39]!~PARENT~TYPE=BODY~CLASS=GuiMainWindow~SAPNAME=SAPMV45A:4001!~	Yes
No	GuiTab.T\01	(T\01) T\01	GuiTab	v1.0IC!~TYPE=OBJECT!~CLASS=GuiTab!~SAPNAME=T\01!~PARENT~TYPE=BODY~CLASS=GuiMainWindow~SAPNAME=SAPMV45A:4001!~	Yes
No	GuiTab.T\02	(T\02) T\02	GuiTab	v1.0IC!~TYPE=OBJECT!~CLASS=GuiTab!~SAPNAME=T\02!~PARENT~TYPE=BODY~CLASS=GuiMainWindow~SAPNAME=SAPMV45A:4001!~	Yes
No	GuiTab.T\03	(T\03) T\03	GuiTab	v1.0IC!~TYPE=OBJECT!~CLASS=GuiTab!~SAPNAME=T\03!~PARENT~TYPE=BODY~CLASS=GuiMainWindow~SAPNAME=SAPMV45A:4001!~	Yes
No	GuiTab.T\04	(T\04) T\04	GuiTab	v1.0IC!~TYPE=OBJECT!~CLASS=GuiTab!~SAPNAME=T\04!~PARENT~TYPE=BODY~CLASS=GuiMainWindow~SAPNAME=SAPMV45A:4001!~	Yes
No	GuiTab.T\05	(T\05) T\05	GuiTab	v1.0IC!~TYPE=OBJECT!~CLASS=GuiTab!~SAPNAME=T\05!~PARENT~TYPE=BODY~CLASS=GuiMainWindow~SAPNAME=SAPMV45A:4001!~	Yes
No	GuiTab.T\06	(T\06) T\06	GuiTab	v1.0IC!~TYPE=OBJECT!~CLASS=GuiTab!~SAPNAME=T\06!~PARENT~TYPE=BODY~CLASS=GuiMainWindow~SAPNAME=SAPMV45A:4001!~	Yes
No	GuiTab.T\07	(T\07) T\07	GuiTab	v1.0IC!~TYPE=OBJECT!~CLASS=GuiTab!~SAPNAME=T\07!~PARENT~TYPE=BODY~CLASS=GuiMainWindow~SAPNAME=SAPMV45A:4001!~	Yes
No	GuiTab.T\08	(T\08) T\08	GuiTab	v1.0IC!~TYPE=OBJECT!~CLASS=GuiTab!~SAPNAME=T\08!~PARENT~TYPE=BODY~CLASS=GuiMainWindow~SAPNAME=SAPMV45A:4001!~	Yes
No	SAPMV45A:4001(7)	sbar	GuiStatusbar	v1.0IC!~TYPE=OBJECT!~CLASS=GuiStatusbar!~SAPNAME=sbar!~PARENT~TYPE=BODY~CLASS=GuiMainWindow~SAPNAME=SAPMV45A:4001!~	Yes
No	GuiStatusPane.pane[0]	(pane[0]) Standard Order 51463 has been saved.	GuiStatusPane	v1.0IC!~TYPE=OBJECT!~CLASS=GuiStatusPane!~SAPNAME=pane[0]!~PARENT~TYPE=BODY~CLASS=GuiMainWindow~SAPNAME=SAPMV45A:4001!~	Yes
Yes	SAPMV45A:4021	(SAPMV45A:4021)SAPMV45A 4021	Window	v1.0IC!~TYPE=CONTAINER!~CLASS=GuiSimpleContainer!~SAPNAME=SAPMV45A:4021
No	GuiTextField.RV45A-TXT_VBELN	(RV45A-TXT_VBELN) Deliver.Plant	GuiTextField	v1.0IC!~TYPE=OBJECT!~CLASS=GuiTextField!~SAPNAME=RV45A-TXT_VBELN!~PARENT~TYPE=CONTAINER~CLASS=GuiSimpleContainer~SAPNAME=SAPMV45A:4021!~	Yes
No	GuiCTextField.VBAK-VBELN	(VBAK-VBELN) Deliver.Plant	GuiCTextField	v1.0IC!~TYPE=OBJECT!~CLASS=GuiCTextField!~SAPNAME=VBAK-VBELN!~PARENT~TYPE=CONTAINER~CLASS=GuiSimpleContainer~SAPNAME=SAPMV45A:4021!~	Yes
No	GuiLabel.VBAK-NETWR	(lblVBAK-NETWR) Net Value	GuiLabel	v1.0IC!~TYPE=OBJECT!~CLASS=GuiLabel!~SAPNAME=VBAK-NETWR!~PARENT~TYPE=CONTAINER~CLASS=GuiSimpleContainer~SAPNAME=SAPMV45A:4021!~	Yes
No	GuiTextField.VBAK-NETWR	(VBAK-NETWR) Net Value	GuiTextField	v1.0IC!~TYPE=OBJECT!~CLASS=GuiTextField!~SAPNAME=VBAK-NETWR!~PARENT~TYPE=CONTAINER~CLASS=GuiSimpleContainer~SAPNAME=SAPMV45A:4021!~	Yes
No	GuiCTextField.VBAK-WAERK	(VBAK-WAERK) Net Value	GuiCTextField	v1.0IC!~TYPE=OBJECT!~CLASS=GuiCTextField!~SAPNAME=VBAK-WAERK!~PARENT~TYPE=CONTAINER~CLASS=GuiSimpleContainer~SAPNAME=SAPMV45A:4021!~	Yes
No	GuiLabel.VBKD-BSTKD	(lblVBKD-BSTKD) Cust. Reference	GuiLabel	v1.0IC!~TYPE=OBJECT!~CLASS=GuiLabel!~SAPNAME=VBKD-BSTKD!~PARENT~TYPE=CONTAINER~CLASS=GuiSimpleContainer~SAPNAME=SAPMV45A:4021!~	Yes
No	GuiTextField.VBKD-BSTKD	(VBKD-BSTKD) Cust. Reference	GuiTextField	v1.0IC!~TYPE=OBJECT!~CLASS=GuiTextField!~SAPNAME=VBKD-BSTKD!~PARENT~TYPE=CONTAINER~CLASS=GuiSimpleContainer~SAPNAME=SAPMV45A:4021!~	Yes
No	GuiLabel.VBKD-BSTDK	(lblVBKD-BSTDK) Cust. Ref. Date	GuiLabel	v1.0IC!~TYPE=OBJECT!~CLASS=GuiLabel!~SAPNAME=VBKD-BSTDK!~PARENT~TYPE=CONTAINER~CLASS=GuiSimpleContainer~SAPNAME=SAPMV45A:4021!~	Yes
No	GuiCTextField.VBKD-BSTDK	(VBKD-BSTDK) Cust. Ref. Date	GuiCTextField	v1.0IC!~TYPE=OBJECT!~CLASS=GuiCTextField!~SAPNAME=VBKD-BSTDK!~PARENT~TYPE=CONTAINER~CLASS=GuiSimpleContainer~SAPNAME=SAPMV45A:4021!~	Yes
No	GuiButton.BT_HEAD	(SAPMV45A:4021)SAPMV45A:4021	GuiButton	v1.0IC!~TYPE=OBJECT!~CLASS=GuiButton!~SAPNAME=BT_HEAD!~PARENT~TYPE=CONTAINER~CLASS=GuiSimpleContainer~SAPNAME=SAPMV45A:4021!~	Yes
No	GuiButton.BT_OUTPUT	(SAPMV45A:4021)SAPMV45A:4021(2)	GuiButton	v1.0IC!~TYPE=OBJECT!~CLASS=GuiButton!~SAPNAME=BT_OUTPUT!~PARENT~TYPE=CONTAINER~CLASS=GuiSimpleContainer~SAPNAME=SAPMV45A:4021!~	Yes
Yes	SAPMV45A:4701	(SAPMV45A:4701)SAPMV45A 4701	Window	v1.0IC!~TYPE=CONTAINER!~CLASS=GuiSimpleContainer!~SAPNAME=SAPMV45A:4701
No	GuiLabel.KUAGV-KUNNR	(lblKUAGV-KUNNR) Sold-To Party	GuiLabel	v1.0IC!~TYPE=OBJECT!~CLASS=GuiLabel!~SAPNAME=KUAGV-KUNNR!~PARENT~TYPE=CONTAINER~CLASS=GuiSimpleContainer~SAPNAME=SAPMV45A:4701!~	Yes
No	GuiCTextField.KUAGV-KUNNR	(KUAGV-KUNNR) Sold-To Party	GuiCTextField	v1.0IC!~TYPE=OBJECT!~CLASS=GuiCTextField!~SAPNAME=KUAGV-KUNNR!~PARENT~TYPE=CONTAINER~CLASS=GuiSimpleContainer~SAPNAME=SAPMV45A:4701!~	Yes
No	GuiTextField.KUAGV-TXTPA	(KUAGV-TXTPA) Sold-To Party	GuiTextField	v1.0IC!~TYPE=OBJECT!~CLASS=GuiTextField!~SAPNAME=KUAGV-TXTPA!~PARENT~TYPE=CONTAINER~CLASS=GuiSimpleContainer~SAPNAME=SAPMV45A:4701!~	Yes
No	GuiButton.BT_IAAN	(BT_IAAN) Group	GuiButton	v1.0IC!~TYPE=OBJECT!~CLASS=GuiButton!~SAPNAME=BT_IAAN!~PARENT~TYPE=CONTAINER~CLASS=GuiSimpleContainer~SAPNAME=SAPMV45A:4701!~	Yes
No	GuiLabel.KUWEV-KUNNR	(lblKUWEV-KUNNR) Ship-To Party	GuiLabel	v1.0IC!~TYPE=OBJECT!~CLASS=GuiLabel!~SAPNAME=KUWEV-KUNNR!~PARENT~TYPE=CONTAINER~CLASS=GuiSimpleContainer~SAPNAME=SAPMV45A:4701!~	Yes
No	GuiCTextField.KUWEV-KUNNR	(KUWEV-KUNNR) Ship-To Party	GuiCTextField	v1.0IC!~TYPE=OBJECT!~CLASS=GuiCTextField!~SAPNAME=KUWEV-KUNNR!~PARENT~TYPE=CONTAINER~CLASS=GuiSimpleContainer~SAPNAME=SAPMV45A:4701!~	Yes
No	GuiTextField.KUWEV-TXTPA	(KUWEV-TXTPA) Ship-To Party	GuiTextField	v1.0IC!~TYPE=OBJECT!~CLASS=GuiTextField!~SAPNAME=KUWEV-TXTPA!~PARENT~TYPE=CONTAINER~CLASS=GuiSimpleContainer~SAPNAME=SAPMV45A:4701!~	Yes
Yes	SAPMV45A:4440	(SAPMV45A:4440)SAPMV45A 4440	Window	v1.0IC!~TYPE=CONTAINER!~CLASS=GuiSimpleContainer!~SAPNAME=SAPMV45A:4440
No	GuiLabel.RV45A-KETDAT	(lblRV45A-KETDAT) Req. Deliv.Date	GuiLabel	v1.0IC!~TYPE=OBJECT!~CLASS=GuiLabel!~SAPNAME=RV45A-KETDAT!~PARENT~TYPE=CONTAINER~CLASS=GuiSimpleContainer~SAPNAME=SAPMV45A:4440!~	Yes
No	GuiCTextField.RV45A-KPRGBZ	(RV45A-KPRGBZ) Req. Deliv.Date	GuiCTextField	v1.0IC!~TYPE=OBJECT!~CLASS=GuiCTextField!~SAPNAME=RV45A-KPRGBZ!~PARENT~TYPE=CONTAINER~CLASS=GuiSimpleContainer~SAPNAME=SAPMV45A:4440!~	Yes
No	GuiCTextField.RV45A-KETDAT	(RV45A-KETDAT) Req. Deliv.Date	GuiCTextField	v1.0IC!~TYPE=OBJECT!~CLASS=GuiCTextField!~SAPNAME=RV45A-KETDAT!~PARENT~TYPE=CONTAINER~CLASS=GuiSimpleContainer~SAPNAME=SAPMV45A:4440!~	Yes
No	GuiLabel.RV45A-DWERK	(lblRV45A-DWERK) Deliver.Plant	GuiLabel	v1.0IC!~TYPE=OBJECT!~CLASS=GuiLabel!~SAPNAME=RV45A-DWERK!~PARENT~TYPE=CONTAINER~CLASS=GuiSimpleContainer~SAPNAME=SAPMV45A:4440!~	Yes
No	GuiCTextField.RV45A-DWERK	(RV45A-DWERK) Deliver.Plant	GuiCTextField	v1.0IC!~TYPE=OBJECT!~CLASS=GuiCTextField!~SAPNAME=RV45A-DWERK!~PARENT~TYPE=CONTAINER~CLASS=GuiSimpleContainer~SAPNAME=SAPMV45A:4440!~	Yes
No	GuiTextField.T001W-NAME1	(T001W-NAME1) Deliver.Plant	GuiTextField	v1.0IC!~TYPE=OBJECT!~CLASS=GuiTextField!~SAPNAME=T001W-NAME1!~PARENT~TYPE=CONTAINER~CLASS=GuiSimpleContainer~SAPNAME=SAPMV45A:4440!~	Yes
No	GuiCheckBox.VBAK-AUTLF	(VBAK-AUTLF) Complete Dlv.	GuiCheckBox	v1.0IC!~TYPE=OBJECT!~CLASS=GuiCheckBox!~SAPNAME=VBAK-AUTLF!~PARENT~TYPE=CONTAINER~CLASS=GuiSimpleContainer~SAPNAME=SAPMV45A:4440!~	Yes
No	GuiLabel.RV45A-BTGEW	(lblRV45A-BTGEW) Total Weight	GuiLabel	v1.0IC!~TYPE=OBJECT!~CLASS=GuiLabel!~SAPNAME=RV45A-BTGEW!~PARENT~TYPE=CONTAINER~CLASS=GuiSimpleContainer~SAPNAME=SAPMV45A:4440!~	Yes
No	GuiTextField.RV45A-BTGEW	(RV45A-BTGEW) Total Weight	GuiTextField	v1.0IC!~TYPE=OBJECT!~CLASS=GuiTextField!~SAPNAME=RV45A-BTGEW!~PARENT~TYPE=CONTAINER~CLASS=GuiSimpleContainer~SAPNAME=SAPMV45A:4440!~	Yes
No	GuiTextField.RV45A-GEWEI	(RV45A-GEWEI) Total Weight	GuiTextField	v1.0IC!~TYPE=OBJECT!~CLASS=GuiTextField!~SAPNAME=RV45A-GEWEI!~PARENT~TYPE=CONTAINER~CLASS=GuiSimpleContainer~SAPNAME=SAPMV45A:4440!~	Yes
No	GuiLabel.VBAK-LIFSK	(lblVBAK-LIFSK) Delivery Block	GuiLabel	v1.0IC!~TYPE=OBJECT!~CLASS=GuiLabel!~SAPNAME=VBAK-LIFSK!~PARENT~TYPE=CONTAINER~CLASS=GuiSimpleContainer~SAPNAME=SAPMV45A:4440!~	Yes
No	GuiComboBox.VBAK-LIFSK	(VBAK-LIFSK) Delivery Block	GuiComboBox	v1.0IC!~TYPE=OBJECT!~CLASS=GuiComboBox!~SAPNAME=VBAK-LIFSK!~PARENT~TYPE=CONTAINER~CLASS=GuiSimpleContainer~SAPNAME=SAPMV45A:4440!~	Yes
No	GuiLabel.RV45A-VOLUM	(lblRV45A-VOLUM) Volume	GuiLabel	v1.0IC!~TYPE=OBJECT!~CLASS=GuiLabel!~SAPNAME=RV45A-VOLUM!~PARENT~TYPE=CONTAINER~CLASS=GuiSimpleContainer~SAPNAME=SAPMV45A:4440!~	Yes
No	GuiTextField.RV45A-VOLUM	(RV45A-VOLUM) Volume	GuiTextField	v1.0IC!~TYPE=OBJECT!~CLASS=GuiTextField!~SAPNAME=RV45A-VOLUM!~PARENT~TYPE=CONTAINER~CLASS=GuiSimpleContainer~SAPNAME=SAPMV45A:4440!~	Yes
No	GuiTextField.RV45A-VOLEH	(RV45A-VOLEH) Volume	GuiTextField	v1.0IC!~TYPE=OBJECT!~CLASS=GuiTextField!~SAPNAME=RV45A-VOLEH!~PARENT~TYPE=CONTAINER~CLASS=GuiSimpleContainer~SAPNAME=SAPMV45A:4440!~	Yes
No	GuiLabel.VBAK-FAKSK	(lblVBAK-FAKSK) Billing Block	GuiLabel	v1.0IC!~TYPE=OBJECT!~CLASS=GuiLabel!~SAPNAME=VBAK-FAKSK!~PARENT~TYPE=CONTAINER~CLASS=GuiSimpleContainer~SAPNAME=SAPMV45A:4440!~	Yes
No	GuiComboBox.VBAK-FAKSK	(VBAK-FAKSK) Billing Block	GuiComboBox	v1.0IC!~TYPE=OBJECT!~CLASS=GuiComboBox!~SAPNAME=VBAK-FAKSK!~PARENT~TYPE=CONTAINER~CLASS=GuiSimpleContainer~SAPNAME=SAPMV45A:4440!~	Yes
No	GuiLabel.VBKD-PRSDT	(lblVBKD-PRSDT) Pricing Date	GuiLabel	v1.0IC!~TYPE=OBJECT!~CLASS=GuiLabel!~SAPNAME=VBKD-PRSDT!~PARENT~TYPE=CONTAINER~CLASS=GuiSimpleContainer~SAPNAME=SAPMV45A:4440!~	Yes
No	GuiCTextField.VBKD-PRSDT	(VBKD-PRSDT) Pricing Date	GuiCTextField	v1.0IC!~TYPE=OBJECT!~CLASS=GuiCTextField!~SAPNAME=VBKD-PRSDT!~PARENT~TYPE=CONTAINER~CLASS=GuiSimpleContainer~SAPNAME=SAPMV45A:4440!~	Yes
No	GuiLabel.VBKD-ZTERM	(lblVBKD-ZTERM) Pyt Terms	GuiLabel	v1.0IC!~TYPE=OBJECT!~CLASS=GuiLabel!~SAPNAME=VBKD-ZTERM!~PARENT~TYPE=CONTAINER~CLASS=GuiSimpleContainer~SAPNAME=SAPMV45A:4440!~	Yes
No	GuiCTextField.VBKD-ZTERM	(VBKD-ZTERM) Pyt Terms	GuiCTextField	v1.0IC!~TYPE=OBJECT!~CLASS=GuiCTextField!~SAPNAME=VBKD-ZTERM!~PARENT~TYPE=CONTAINER~CLASS=GuiSimpleContainer~SAPNAME=SAPMV45A:4440!~	Yes
No	GuiTextField.TVZBT-VTEXT	(TVZBT-VTEXT) Pyt Terms	GuiTextField	v1.0IC!~TYPE=OBJECT!~CLASS=GuiTextField!~SAPNAME=TVZBT-VTEXT!~PARENT~TYPE=CONTAINER~CLASS=GuiSimpleContainer~SAPNAME=SAPMV45A:4440!~	Yes
No	GuiLabel.VBKD-INCOV	(lblVBKD-INCOV) Inco. Version	GuiLabel	v1.0IC!~TYPE=OBJECT!~CLASS=GuiLabel!~SAPNAME=VBKD-INCOV!~PARENT~TYPE=CONTAINER~CLASS=GuiSimpleContainer~SAPNAME=SAPMV45A:4440!~	Yes
No	GuiCTextField.VBKD-INCOV	(VBKD-INCOV) Inco. Version	GuiCTextField	v1.0IC!~TYPE=OBJECT!~CLASS=GuiCTextField!~SAPNAME=VBKD-INCOV!~PARENT~TYPE=CONTAINER~CLASS=GuiSimpleContainer~SAPNAME=SAPMV45A:4440!~	Yes
No	GuiTextField.TINCVT-BEZEI	(TINCVT-BEZEI) Inco. Version	GuiTextField	v1.0IC!~TYPE=OBJECT!~CLASS=GuiTextField!~SAPNAME=TINCVT-BEZEI!~PARENT~TYPE=CONTAINER~CLASS=GuiSimpleContainer~SAPNAME=SAPMV45A:4440!~	Yes
No	GuiLabel.VBKD-INCO1	(lblVBKD-INCO1) Incoterms	GuiLabel	v1.0IC!~TYPE=OBJECT!~CLASS=GuiLabel!~SAPNAME=VBKD-INCO1!~PARENT~TYPE=CONTAINER~CLASS=GuiSimpleContainer~SAPNAME=SAPMV45A:4440!~	Yes
No	GuiCTextField.VBKD-INCO1	(VBKD-INCO1) Incoterms	GuiCTextField	v1.0IC!~TYPE=OBJECT!~CLASS=GuiCTextField!~SAPNAME=VBKD-INCO1!~PARENT~TYPE=CONTAINER~CLASS=GuiSimpleContainer~SAPNAME=SAPMV45A:4440!~	Yes
No	GuiLabel.VBKD-INCO2_L	(lblVBKD-INCO2_L) Inco. Location1	GuiLabel	v1.0IC!~TYPE=OBJECT!~CLASS=GuiLabel!~SAPNAME=VBKD-INCO2_L!~PARENT~TYPE=CONTAINER~CLASS=GuiSimpleContainer~SAPNAME=SAPMV45A:4440!~	Yes
No	GuiCTextField.VBKD-INCO2_L	(VBKD-INCO2_L) Inco. Location1	GuiCTextField	v1.0IC!~TYPE=OBJECT!~CLASS=GuiCTextField!~SAPNAME=VBKD-INCO2_L!~PARENT~TYPE=CONTAINER~CLASS=GuiSimpleContainer~SAPNAME=SAPMV45A:4440!~	Yes
No	GuiLabel.VBKD-INCO3_L	(lblVBKD-INCO3_L) Inco. Location2	GuiLabel	v1.0IC!~TYPE=OBJECT!~CLASS=GuiLabel!~SAPNAME=VBKD-INCO3_L!~PARENT~TYPE=CONTAINER~CLASS=GuiSimpleContainer~SAPNAME=SAPMV45A:4440!~	Yes
No	GuiCTextField.VBKD-INCO3_L	(VBKD-INCO3_L) Inco. Location2	GuiCTextField	v1.0IC!~TYPE=OBJECT!~CLASS=GuiCTextField!~SAPNAME=VBKD-INCO3_L!~PARENT~TYPE=CONTAINER~CLASS=GuiSimpleContainer~SAPNAME=SAPMV45A:4440!~	Yes
No	GuiLabel.VBAK-AUGRU	(lblVBAK-AUGRU) Order Reason	GuiLabel	v1.0IC!~TYPE=OBJECT!~CLASS=GuiLabel!~SAPNAME=VBAK-AUGRU!~PARENT~TYPE=CONTAINER~CLASS=GuiSimpleContainer~SAPNAME=SAPMV45A:4440!~	Yes
No	GuiComboBox.VBAK-AUGRU	(VBAK-AUGRU) Order Reason	GuiComboBox	v1.0IC!~TYPE=OBJECT!~CLASS=GuiComboBox!~SAPNAME=VBAK-AUGRU!~PARENT~TYPE=CONTAINER~CLASS=GuiSimpleContainer~SAPNAME=SAPMV45A:4440!~	Yes
No	GuiLabel.RV45A-TXT_VTRBER	(lblRV45A-TXT_VTRBER) Sales Area	GuiLabel	v1.0IC!~TYPE=OBJECT!~CLASS=GuiLabel!~SAPNAME=RV45A-TXT_VTRBER!~PARENT~TYPE=CONTAINER~CLASS=GuiSimpleContainer~SAPNAME=SAPMV45A:4440!~	Yes
No	GuiCTextField.VBAK-VKORG	(VBAK-VKORG) Sales Area	GuiCTextField	v1.0IC!~TYPE=OBJECT!~CLASS=GuiCTextField!~SAPNAME=VBAK-VKORG!~PARENT~TYPE=CONTAINER~CLASS=GuiSimpleContainer~SAPNAME=SAPMV45A:4440!~	Yes
No	GuiLabel.SLASH1	(lblSLASH1) /	GuiLabel	v1.0IC!~TYPE=OBJECT!~CLASS=GuiLabel!~SAPNAME=SLASH1!~PARENT~TYPE=CONTAINER~CLASS=GuiSimpleContainer~SAPNAME=SAPMV45A:4440!~	Yes
No	GuiCTextField.VBAK-VTWEG	(VBAK-VTWEG) /	GuiCTextField	v1.0IC!~TYPE=OBJECT!~CLASS=GuiCTextField!~SAPNAME=VBAK-VTWEG!~PARENT~TYPE=CONTAINER~CLASS=GuiSimpleContainer~SAPNAME=SAPMV45A:4440!~	Yes
No	GuiLabel.SLASH2	(lblSLASH2) /	GuiLabel	v1.0IC!~TYPE=OBJECT!~CLASS=GuiLabel!~SAPNAME=SLASH2!~PARENT~TYPE=CONTAINER~CLASS=GuiSimpleContainer~SAPNAME=SAPMV45A:4440!~	Yes
No	GuiCTextField.VBAK-SPART	(VBAK-SPART) /	GuiCTextField	v1.0IC!~TYPE=OBJECT!~CLASS=GuiCTextField!~SAPNAME=VBAK-SPART!~PARENT~TYPE=CONTAINER~CLASS=GuiSimpleContainer~SAPNAME=SAPMV45A:4440!~	Yes
No	GuiTextField.RV45A-TXT_VTRBER	(RV45A-TXT_VTRBER) /	GuiTextField	v1.0IC!~TYPE=OBJECT!~CLASS=GuiTextField!~SAPNAME=RV45A-TXT_VTRBER!~PARENT~TYPE=CONTAINER~CLASS=GuiSimpleContainer~SAPNAME=SAPMV45A:4440!~	Yes
Yes	SAPMV45A:4900	(SAPMV45A:4900)SAPMV45A 4900	Window	v1.0IC!~TYPE=CONTAINER!~CLASS=GuiSimpleContainer!~SAPNAME=SAPMV45A:4900
No	SAPMV45A:4900(2)	SAPMV45ATCTRL_U_ERF_AUFTRAG	GuiTableControl	v1.0IC!~TYPE=OBJECT!~CLASS=GuiTableControl!~SAPNAME=SAPMV45ATCTRL_U_ERF_AUFTRAG!~PARENT~TYPE=CONTAINER~CLASS=GuiSimpleContainer~SAPNAME=SAPMV45A:4900!~	Yes
No	GuiTextField.VBAP-POSNR	(SAPMV45A:4900)SAPMV45A:4900Item	GuiTextField	v1.0IC!~TYPE=OBJECT!~CLASS=GuiTextField!~SAPNAME=VBAP-POSNR!~PARENT~TYPE=CONTAINER~CLASS=GuiSimpleContainer~SAPNAME=SAPMV45A:4900!~	Yes
No	GuiCTextField.RV45A-MABNR	(SAPMV45A:4900)SAPMV45A:4900Material	GuiCTextField	v1.0IC!~TYPE=OBJECT!~CLASS=GuiCTextField!~SAPNAME=RV45A-MABNR!~PARENT~TYPE=CONTAINER~CLASS=GuiSimpleContainer~SAPNAME=SAPMV45A:4900!~	Yes
No	GuiCTextField.VBAP-SGT_RCAT	(SAPMV45A:4900)SAPMV45A:4900Req. Segment	GuiCTextField	v1.0IC!~TYPE=OBJECT!~CLASS=GuiCTextField!~SAPNAME=VBAP-SGT_RCAT!~PARENT~TYPE=CONTAINER~CLASS=GuiSimpleContainer~SAPNAME=SAPMV45A:4900!~	Yes
No	GuiTextField.RV45A-KWMENG	(SAPMV45A:4900)SAPMV45A:4900Order Quantity	GuiTextField	v1.0IC!~TYPE=OBJECT!~CLASS=GuiTextField!~SAPNAME=RV45A-KWMENG!~PARENT~TYPE=CONTAINER~CLASS=GuiSimpleContainer~SAPNAME=SAPMV45A:4900!~	Yes
No	GuiCTextField.VBAP-VRKME	(SAPMV45A:4900)SAPMV45A:4900Un	GuiCTextField	v1.0IC!~TYPE=OBJECT!~CLASS=GuiCTextField!~SAPNAME=VBAP-VRKME!~PARENT~TYPE=CONTAINER~CLASS=GuiSimpleContainer~SAPNAME=SAPMV45A:4900!~	Yes
No	GuiCheckBox.VBAPD-EPMEH	(SAPMV45A:4900)SAPMV45A:4900S	GuiCheckBox	v1.0IC!~TYPE=OBJECT!~CLASS=GuiCheckBox!~SAPNAME=VBAPD-EPMEH!~PARENT~TYPE=CONTAINER~CLASS=GuiSimpleContainer~SAPNAME=SAPMV45A:4900!~	Yes
No	GuiTextField.VBAP-ARKTX	(SAPMV45A:4900)SAPMV45A:4900Item Description	GuiTextField	v1.0IC!~TYPE=OBJECT!~CLASS=GuiTextField!~SAPNAME=VBAP-ARKTX!~PARENT~TYPE=CONTAINER~CLASS=GuiSimpleContainer~SAPNAME=SAPMV45A:4900!~	Yes
No	GuiCTextField.VBAP-KDMAT	(SAPMV45A:4900)SAPMV45A:4900Customer Material Numb	GuiCTextField	v1.0IC!~TYPE=OBJECT!~CLASS=GuiCTextField!~SAPNAME=VBAP-KDMAT!~PARENT~TYPE=CONTAINER~CLASS=GuiSimpleContainer~SAPNAME=SAPMV45A:4900!~	Yes
No	GuiCTextField.VBAP-PSTYV	(SAPMV45A:4900)SAPMV45A:4900ItCa	GuiCTextField	v1.0IC!~TYPE=OBJECT!~CLASS=GuiCTextField!~SAPNAME=VBAP-PSTYV!~PARENT~TYPE=CONTAINER~CLASS=GuiSimpleContainer~SAPNAME=SAPMV45A:4900!~	Yes
No	GuiTextField.VBAP-UEPOS	(SAPMV45A:4900)SAPMV45A:4900HL Itm	GuiTextField	v1.0IC!~TYPE=OBJECT!~CLASS=GuiTextField!~SAPNAME=VBAP-UEPOS!~PARENT~TYPE=CONTAINER~CLASS=GuiSimpleContainer~SAPNAME=SAPMV45A:4900!~	Yes
No	GuiCTextField.RV45A-PRGBZ	(SAPMV45A:4900)SAPMV45A:4900Deliv.Date	GuiCTextField	v1.0IC!~TYPE=OBJECT!~CLASS=GuiCTextField!~SAPNAME=RV45A-PRGBZ!~PARENT~TYPE=CONTAINER~CLASS=GuiSimpleContainer~SAPNAME=SAPMV45A:4900!~	Yes
No	GuiCTextField.RV45A-ETDAT	(SAPMV45A:4900)SAPMV45A:4900First Date	GuiCTextField	v1.0IC!~TYPE=OBJECT!~CLASS=GuiCTextField!~SAPNAME=RV45A-ETDAT!~PARENT~TYPE=CONTAINER~CLASS=GuiSimpleContainer~SAPNAME=SAPMV45A:4900!~	Yes
No	GuiCTextField.VBAP-WERKS	(SAPMV45A:4900)SAPMV45A:4900Plnt	GuiCTextField	v1.0IC!~TYPE=OBJECT!~CLASS=GuiCTextField!~SAPNAME=VBAP-WERKS!~PARENT~TYPE=CONTAINER~CLASS=GuiSimpleContainer~SAPNAME=SAPMV45A:4900!~	Yes
No	GuiTextField.KOMV-KBETR	(SAPMV45A:4900)SAPMV45A:4900Amount	GuiTextField	v1.0IC!~TYPE=OBJECT!~CLASS=GuiTextField!~SAPNAME=KOMV-KBETR!~PARENT~TYPE=CONTAINER~CLASS=GuiSimpleContainer~SAPNAME=SAPMV45A:4900!~	Yes
No	GuiTextField.RV45A-KOEIN	(SAPMV45A:4900)SAPMV45A:4900Crcy	GuiTextField	v1.0IC!~TYPE=OBJECT!~CLASS=GuiTextField!~SAPNAME=RV45A-KOEIN!~PARENT~TYPE=CONTAINER~CLASS=GuiSimpleContainer~SAPNAME=SAPMV45A:4900!~	Yes
No	GuiCTextField.VBAP-WAERK	(SAPMV45A:4900)SAPMV45A:4900Doc. Currency	GuiCTextField	v1.0IC!~TYPE=OBJECT!~CLASS=GuiCTextField!~SAPNAME=VBAP-WAERK!~PARENT~TYPE=CONTAINER~CLASS=GuiSimpleContainer~SAPNAME=SAPMV45A:4900!~	Yes
No	GuiCTextField.VBAP-PRODH	(SAPMV45A:4900)SAPMV45A:4900Product hierarchy	GuiCTextField	v1.0IC!~TYPE=OBJECT!~CLASS=GuiCTextField!~SAPNAME=VBAP-PRODH!~PARENT~TYPE=CONTAINER~CLASS=GuiSimpleContainer~SAPNAME=SAPMV45A:4900!~	Yes
No	GuiCTextField.VBAP-PS_PSP_PNR	(SAPMV45A:4900)SAPMV45A:4900WBS Element	GuiCTextField	v1.0IC!~TYPE=OBJECT!~CLASS=GuiCTextField!~SAPNAME=VBAP-PS_PSP_PNR!~PARENT~TYPE=CONTAINER~CLASS=GuiSimpleContainer~SAPNAME=SAPMV45A:4900!~	Yes
No	GuiCTextField.VBAP-PRCTR	(SAPMV45A:4900)SAPMV45A:4900Profit Center	GuiCTextField	v1.0IC!~TYPE=OBJECT!~CLASS=GuiCTextField!~SAPNAME=VBAP-PRCTR!~PARENT~TYPE=CONTAINER~CLASS=GuiSimpleContainer~SAPNAME=SAPMV45A:4900!~	Yes
No	GuiCTextField.VBAP-KZTLF	(SAPMV45A:4900)SAPMV45A:4900Partial Dely/Item	GuiCTextField	v1.0IC!~TYPE=OBJECT!~CLASS=GuiCTextField!~SAPNAME=VBAP-KZTLF!~PARENT~TYPE=CONTAINER~CLASS=GuiSimpleContainer~SAPNAME=SAPMV45A:4900!~	Yes
No	GuiCTextField.VBKD-ZTERM	(SAPMV45A:4900)SAPMV45A:4900Payt terms	GuiCTextField	v1.0IC!~TYPE=OBJECT!~CLASS=GuiCTextField!~SAPNAME=VBKD-ZTERM!~PARENT~TYPE=CONTAINER~CLASS=GuiSimpleContainer~SAPNAME=SAPMV45A:4900!~	Yes
No	GuiTextField.VBSTT-GBSTA_BEZ	(SAPMV45A:4900)SAPMV45A:4900Overall Status	GuiTextField	v1.0IC!~TYPE=OBJECT!~CLASS=GuiTextField!~SAPNAME=VBSTT-GBSTA_BEZ!~PARENT~TYPE=CONTAINER~CLASS=GuiSimpleContainer~SAPNAME=SAPMV45A:4900!~	Yes
Yes	SAPMV45A:4050	(SAPMV45A:4050)SAPMV45A 4050	Window	v1.0IC!~TYPE=CONTAINER!~CLASS=GuiSimpleContainer!~SAPNAME=SAPMV45A:4050
No	GuiButton.BT_ITEM	(BT_ITEM) Group	GuiButton	v1.0IC!~TYPE=OBJECT!~CLASS=GuiButton!~SAPNAME=BT_ITEM!~PARENT~TYPE=CONTAINER~CLASS=GuiSimpleContainer~SAPNAME=SAPMV45A:4050!~	Yes
No	GuiButton.BT_POAN	(BT_POAN) Group	GuiButton	v1.0IC!~TYPE=OBJECT!~CLASS=GuiButton!~SAPNAME=BT_POAN!~PARENT~TYPE=CONTAINER~CLASS=GuiSimpleContainer~SAPNAME=SAPMV45A:4050!~	Yes
No	GuiButton.BT_POLO	(BT_POLO) Group	GuiButton	v1.0IC!~TYPE=OBJECT!~CLASS=GuiButton!~SAPNAME=BT_POLO!~PARENT~TYPE=CONTAINER~CLASS=GuiSimpleContainer~SAPNAME=SAPMV45A:4050!~	Yes
No	GuiButton.BT_POPO	(BT_POPO) Group	GuiButton	v1.0IC!~TYPE=OBJECT!~CLASS=GuiButton!~SAPNAME=BT_POPO!~PARENT~TYPE=CONTAINER~CLASS=GuiSimpleContainer~SAPNAME=SAPMV45A:4050!~	Yes
No	GuiButton.BT_MKAL	(BT_MKAL) Group	GuiButton	v1.0IC!~TYPE=OBJECT!~CLASS=GuiButton!~SAPNAME=BT_MKAL!~PARENT~TYPE=CONTAINER~CLASS=GuiSimpleContainer~SAPNAME=SAPMV45A:4050!~	Yes
No	GuiButton.BT_MKLO	(BT_MKLO) Group	GuiButton	v1.0IC!~TYPE=OBJECT!~CLASS=GuiButton!~SAPNAME=BT_MKLO!~PARENT~TYPE=CONTAINER~CLASS=GuiSimpleContainer~SAPNAME=SAPMV45A:4050!~	Yes
No	GuiButton.BT_PORE	(BT_PORE) Group	GuiButton	v1.0IC!~TYPE=OBJECT!~CLASS=GuiButton!~SAPNAME=BT_PORE!~PARENT~TYPE=CONTAINER~CLASS=GuiSimpleContainer~SAPNAME=SAPMV45A:4050!~	Yes
No	GuiButton.BT_IVFP	(BT_IVFP) Group	GuiButton	v1.0IC!~TYPE=OBJECT!~CLASS=GuiButton!~SAPNAME=BT_IVFP!~PARENT~TYPE=CONTAINER~CLASS=GuiSimpleContainer~SAPNAME=SAPMV45A:4050!~	Yes
No	GuiButton.BT_PEIN	(BT_PEIN) Group	GuiButton	v1.0IC!~TYPE=OBJECT!~CLASS=GuiButton!~SAPNAME=BT_PEIN!~PARENT~TYPE=CONTAINER~CLASS=GuiSimpleContainer~SAPNAME=SAPMV45A:4050!~	Yes
No	GuiButton.BT_/NFM/PROC	(BT_/NFM/PROC) Group	GuiButton	v1.0IC!~TYPE=OBJECT!~CLASS=GuiButton!~SAPNAME=BT_/NFM/PROC!~PARENT~TYPE=CONTAINER~CLASS=GuiSimpleContainer~SAPNAME=SAPMV45A:4050!~	Yes
No	GuiButton.BT_PKON	(BT_PKON) Group	GuiButton	v1.0IC!~TYPE=OBJECT!~CLASS=GuiButton!~SAPNAME=BT_PKON!~PARENT~TYPE=CONTAINER~CLASS=GuiSimpleContainer~SAPNAME=SAPMV45A:4050!~	Yes
No	GuiButton.BT_CHFD	(BT_CHFD) Group	GuiButton	v1.0IC!~TYPE=OBJECT!~CLASS=GuiButton!~SAPNAME=BT_CHFD!~PARENT~TYPE=CONTAINER~CLASS=GuiSimpleContainer~SAPNAME=SAPMV45A:4050!~	Yes
No	GuiButton.BT_POCO	(BT_POCO) Group	GuiButton	v1.0IC!~TYPE=OBJECT!~CLASS=GuiButton!~SAPNAME=BT_POCO!~PARENT~TYPE=CONTAINER~CLASS=GuiSimpleContainer~SAPNAME=SAPMV45A:4050!~	Yes
No	GuiButton.BT_CRLT	(BT_CRLT) Group	GuiButton	v1.0IC!~TYPE=OBJECT!~CLASS=GuiButton!~SAPNAME=BT_CRLT!~PARENT~TYPE=CONTAINER~CLASS=GuiSimpleContainer~SAPNAME=SAPMV45A:4050!~	Yes
No	GuiButton.BT_GVFP	(BT_GVFP) Group	GuiButton	v1.0IC!~TYPE=OBJECT!~CLASS=GuiButton!~SAPNAME=BT_GVFP!~PARENT~TYPE=CONTAINER~CLASS=GuiSimpleContainer~SAPNAME=SAPMV45A:4050!~	Yes
No	GuiButton.BT_PBOS	(BT_PBOS) Group	GuiButton	v1.0IC!~TYPE=OBJECT!~CLASS=GuiButton!~SAPNAME=BT_PBOS!~PARENT~TYPE=CONTAINER~CLASS=GuiSimpleContainer~SAPNAME=SAPMV45A:4050!~	Yes